// Jest Snapshot v1, https://goo.gl/fbAQLP

exports[`reducers mainState should handle DECREMENT_COUNTER 1`] = `0`;

exports[`reducers mainState should handle INCREMENT_COUNTER 1`] = `2`;

exports[`reducers mainState should handle initial state 1`] = `0`;

exports[`reducers mainState should handle unknown action type 1`] = `1`;
